{
  "REQUEST": {
    "SERVICE": "subscription.setusagedata"
  },
  "RESPONSE": {
    "STATUS": "success",
    "USAGEDATA_ID": "1"
  }
}
