{
  "SERVICE": "subscription.setusagedata",
  "DATA": {
    "SUBSCRIPTION_ID": 503772,
    "ARTICLE_NUMBER": "666"
  }
}