{
  "SERVICE": "subscription.createsecurelink",
  "DATA": {
    "SUBSCRIPTION_ID": 501982
  }
}