{
  "SERVICE": "subscription.get",
  "FILTER": {
    "SUBSCRIPTION_ID": 123
  },
  "LIMIT": 100
}