{
  "REQUEST": {
    "SERVICE": "subscription.getupcomingamount"
  },
  "RESPONSE": {
    "TOTAL": 125
  }
}