{
  "SERVICE": "subscription.get",
  "FILTER": {},
  "LIMIT": 100,
  "OFFSET": 0
}