{
  "SERVICE": "subscription.postpone",
  "DATA": {
    "SUBSCRIPTION_ID": 501982,
    "MONTH": "06"
  }
}