{
  "SERVICE": "subscription.reactivate",
  "DATA": {
    "SUBSCRIPTION_ID": 501982
  }
}