{
  "REQUEST": {
    "SERVICE": "subscription.update"
  },
  "RESPONSE": {
    "STATUS": "success"
  }
}