{
  "REQUEST": {
    "SERVICE": "subscription.get",
    "FILTER": [],
    "LIMIT": 100
  },
  "RESPONSE": {
    "SUBSCRIPTIONS": [
      {
        "SUBSCRIPTION_ID": 100,
        "CUSTOMER_ID": 1,
        "SUBSCRIPTION_TITLE": "sub 1",
        "CANCELLATION_DATE": "2016-01-28 16:56:22"
      },
      {
        "SUBSCRIPTION_ID": 101,
        "CUSTOMER_ID": 2,
        "SUBSCRIPTION_TITLE": "sub 2",
        "CANCELLATION_DATE": "2016-01-28 16:56:25"
      }
    ]
  }
}