{
  "SERVICE": "customer.get",
  "FILTER": {
    "CUSTOMER_ID": 1
  },
  "LIMIT": 100
}