{
  "SERVICE": "customer.get",
  "FILTER": {},
  "LIMIT": 100
}