{
  "SERVICE": "customer.createsecurelink",
  "DATA": {
    "CUSTOMER_ID": 996423
  }
}