{
  "REQUEST": {
    "SERVICE": "customer.delete",
    "DATA": {
      "CUSTOMER_ID": "995434"
    }
  },
  "RESPONSE": {
    "STATUS": "success"
  }
}