{
  "SERVICE": "invoice.get",
  "FILTER": {},
  "LIMIT": 100
}