{
  "REQUEST": {
    "SERVICE": "article.get",
    "FILTER": [],
    "LIMIT": 1
  },
  "RESPONSE": {
    "ARTICLES": []
  }
}