{
  "SERVICE": "article.get",
  "FILTER": {
    "ARTICLE_NUMBER": "NON-EXISTING"
  },
  "LIMIT": 1
}