{
  "SERVICE": "coupon.get",
  "FILTER": {
    "CODE": "424258989"
  },
  "LIMIT": 100
}