{
  "SERVICE": "coupon.check",
  "DATA": {
    "CODE": "COUPON_VALID",
    "ARTICLE_NUMBER": "ART_123"
  }
}