{
  "REQUEST": {
    "SERVICE": "coupon.check",
    "DATA": {
      "CODE": "424258989",
      "ARTICLE_NUMBER": "MISSING_ARTICLE"
    }
  },
  "RESPONSE": {
    "ERRORS": [
      "missing / invalid field: ARTICLE_NUMBER"
    ]
  }
}